[     345ms] [INFO] %cDownload the React DevTools for a better development experience: https://reactjs.org/link/react-devtools font-weight:bold @ http://localhost:5173/preset-sites/zenith-realty/node_modules/.vite/deps/chunk-FD5SMSK5.js?v=aa5f2de8:21608
[     377ms] [LOG] Firebase App Check initialized with reCAPTCHA Enterprise! @ http://localhost:5173/preset-sites/zenith-realty/src/utils/firebaseClient.ts:29
[     452ms] [ERROR] Warning: Encountered two children with the same key, `%s`. Keys should be unique so that components maintain their identity across updates. Non-unique keys may cause children to be duplicated and/or omitted — the behavior is unsupported and could change in a future version.%s 2 BHK 
    at div
    at div
    at div
    at article
    at PropertyCard (http://localhost:5173/preset-sites/zenith-realty/src/components/PropertyCard.tsx:22:32)
    at div
    at MotionDOMComponent (http://localhost:5173/preset-sites/zenith-realty/node_modules/.vite/deps/motion_react.js?v=aa5f2de8:9054:40)
    at div
    at div
    at div
    at div
    at main
    at PageShell (http://localhost:5173/preset-sites/zenith-realty/src/components/PageShell.tsx:19:3)
    at PropertiesPage (http://localhost:5173/preset-sites/zenith-realty/src/pages/PropertiesPage.tsx:37:34)
    at main
    at div
    at App (http://localhost:5173/preset-sites/zenith-realty/src/App.tsx:39:37) @ http://localhost:5173/preset-sites/zenith-realty/node_modules/.vite/deps/chunk-FD5SMSK5.js?v=aa5f2de8:520
[     802ms] [ERROR] Warning: Encountered two children with the same key, `%s`. Keys should be unique so that components maintain their identity across updates. Non-unique keys may cause children to be duplicated and/or omitted — the behavior is unsupported and could change in a future version.%s 2 BHK 
    at div
    at div
    at div
    at article
    at PropertyCard (http://localhost:5173/preset-sites/zenith-realty/src/components/PropertyCard.tsx:22:32)
    at div
    at MotionDOMComponent (http://localhost:5173/preset-sites/zenith-realty/node_modules/.vite/deps/motion_react.js?v=aa5f2de8:9054:40)
    at div
    at div
    at div
    at div
    at main
    at PageShell (http://localhost:5173/preset-sites/zenith-realty/src/components/PageShell.tsx:19:3)
    at PropertiesPage (http://localhost:5173/preset-sites/zenith-realty/src/pages/PropertiesPage.tsx:37:34)
    at main
    at div
    at App (http://localhost:5173/preset-sites/zenith-realty/src/App.tsx:39:37) @ http://localhost:5173/preset-sites/zenith-realty/node_modules/.vite/deps/chunk-FD5SMSK5.js?v=aa5f2de8:520
[    1446ms] [ERROR] Failed to load resource: the server responded with a status of 400 () @ https://www.google.com/recaptcha/enterprise/clr?k=6Ld6_Z8tAAAAAFo-38gG7thETZkUQ1eCOCEa9WFt:0
[    6463ms] [ERROR] Warning: Encountered two children with the same key, `%s`. Keys should be unique so that components maintain their identity across updates. Non-unique keys may cause children to be duplicated and/or omitted — the behavior is unsupported and could change in a future version.%s 2 BHK 
    at div
    at div
    at div
    at article
    at PropertyCard (http://localhost:5173/preset-sites/zenith-realty/src/components/PropertyCard.tsx:22:32)
    at div
    at MotionDOMComponent (http://localhost:5173/preset-sites/zenith-realty/node_modules/.vite/deps/motion_react.js?v=aa5f2de8:9054:40)
    at div
    at div
    at div
    at div
    at main
    at PageShell (http://localhost:5173/preset-sites/zenith-realty/src/components/PageShell.tsx:19:3)
    at PropertiesPage (http://localhost:5173/preset-sites/zenith-realty/src/pages/PropertiesPage.tsx:37:34)
    at main
    at div
    at App (http://localhost:5173/preset-sites/zenith-realty/src/App.tsx:39:37) @ http://localhost:5173/preset-sites/zenith-realty/node_modules/.vite/deps/chunk-FD5SMSK5.js?v=aa5f2de8:520
[   31671ms] [ERROR] Failed to load resource: the server responded with a status of 400 () @ https://www.google.com/recaptcha/enterprise/clr?k=6Ld6_Z8tAAAAAFo-38gG7thETZkUQ1eCOCEa9WFt:0
